// Jest Snapshot v1, https://goo.gl/fbAQLP

exports[`NewPasswordPageCom Component this is a test for NewPasswordPageCom Component 1`] = `
<Fragment>
  <styled.div>
    <styled.div>
      <SiReddit
        color="red"
        size={60}
      />
    </styled.div>
    <styled.h2>
      Reset your password
    </styled.h2>
    <styled.div>
      Choose a new password here, then log in to your account.
    </styled.div>
    <br />
    <form
      onSubmit={[Function]}
    >
      <FormInputPageCom
        initialFocus={true}
        label="PASSWORD"
        name="password"
        onChange={[Function]}
        onFocus={[Function]}
        showIcon={true}
        type="password"
        valid={false}
        value=""
      />
      <styled.p
        valid={true}
      >
        Password must be at least 8 characters long
      </styled.p>
      <FormInputPageCom
        initialFocus={true}
        label="VERIFY PASSWORD"
        name="confirmPassword"
        onChange={[Function]}
        onFocus={[Function]}
        showIcon={true}
        type="password"
        valid={false}
        value=""
      />
      <styled.p
        valid={true}
      >
        Password must match
      </styled.p>
      <styled.div>
        <Button
          disabled={true}
          onClick={[Function]}
          page={true}
          type="submit"
          valid={false}
        >
          SET PASSWORD
        </Button>
      </styled.div>
      <br />
      <br />
      <styled.span>
        Changing your password logs you out of all browsers on your device(s). Checking this box also logs you out of all apps you have authorized.
      </styled.span>
      <br />
      <br />
      <styled.span>
        <span
          onClick={[Function]}
        >
          LOG IN
        </span>
         
        <span
          onClick={[Function]}
        >
           . 
          SIGN UP
        </span>
         
      </styled.span>
    </form>
  </styled.div>
</Fragment>
`;
