// Jest Snapshot v1, https://goo.gl/fbAQLP

exports[` 1`] = `
<Fragment>
  <styled.div
    userNameScreen={true}
  >
    <br />
    <br />
    <br />
    <styled.h2
      data-testid=""
    >
      Recover your username
    </styled.h2>
    <styled.div>
      Tell us the email address associated with your Reddit account, and we’ll send you an email with your username.
    </styled.div>
    <form
      onSubmit={[Function]}
    >
      <FormInput
        data-testid="email"
        id="email"
        initialFocus={false}
        label="Email"
        name="email"
        onChange={[Function]}
        onFocus={[Function]}
        required={true}
        showIcon={true}
        type="email"
        valid={false}
        value=""
      />
      <styled.p
        data-testid="email-error"
        id="emailError"
        valid={false}
      >
        Please enter an email address to continue
      </styled.p>
      <styled.div>
        <Button
          disabled={true}
          onClick={[Function]}
          type="submit"
          valid={false}
        >
          <span>
            Email me
          </span>
        </Button>
      </styled.div>
      <styled.div
        validEmail={false}
      >
        <AsyncScriptLoader(ReCAPTCHA)
          id="notRobot"
          onChange={[Function]}
          sitekey="6LeIxAcTAAAAAJcZVRqyHh71UMIEGNQ_MXjiZKhI"
          size="normal"
        />
      </styled.div>
      <styled.span>
        Don't have an email or need assistance logging 
        <br />
         in?
        <button
          onClick={[Function]}
        >
          Get Help
        </button>
         
      </styled.span>
      <br />
      <styled.span>
        <button
          id="wantLogIn"
          onClick={[Function]}
        >
          Log in
        </button>
         
      </styled.span>
    </form>
  </styled.div>
</Fragment>
`;
