// Jest Snapshot v1, https://goo.gl/fbAQLP

exports[`header of subreddit should render without crashing 1`] = `
<ContextProvider
  value={
    Object {
      "community": null,
      "setCommunity": [Function],
    }
  }
>
  <SubRedditHeader
    banner={
      Object {
        "color": "#33a8ff",
        "url": "Features/Subreddit/Assets/tree.jpg",
      }
    }
    info={
      Object {
        "name": "Eln2aa4yn",
      }
    }
    isJoined={true}
    onJoin={[Function]}
  />
</ContextProvider>
`;
