// Jest Snapshot v1, https://goo.gl/fbAQLP

exports[`header of subreddit should render without crashing 1`] = `
<styled.div>
  <styled.div />
  <styled.div>
    <styled.div>
      <div
        className="content"
      >
        <img
          alt=""
          src="index.jpeg"
        />
        <styled.div>
          <div
            className="title-info"
          >
            <h1
              className="title"
            >
              Eln2aa4yn
            </h1>
            <h2
              className="subtitle"
            >
              r/Eln2aa4yn
            </h2>
          </div>
          <Button
            onJoin={[Function]}
          />
        </styled.div>
      </div>
    </styled.div>
  </styled.div>
</styled.div>
`;
