// Jest Snapshot v1, https://goo.gl/fbAQLP

exports[`Footer Component this is a test for Footer Component 1`] = `
<styled.div>
  <styled.div>
    <styled.div>
      <styled.div>
        <Link
          href="https://www.redditinc.com/policies/user-agreement"
        >
          User Agreement
           
        </Link>
        <Link
          href="https://www.redditinc.com/policies/privacy-policy"
        >
          Privacy Policy
        </Link>
      </styled.div>
      <styled.div>
        <Link
          href="https://www.redditinc.com/policies/user-agreement"
        >
          Content Policy
           
        </Link>
        <Link
          href="https://www.redditinc.com/policies/privacy-policy"
        >
          Moderator Code of Conduct
        </Link>
      </styled.div>
    </styled.div>
    <styled.div>
      <styled.div>
        <Link
          href="https://www.redditinc.com/policies/user-agreement"
        >
          English
           
        </Link>
        <Link
          href="https://www.redditinc.com/policies/privacy-policy"
        >
          Français
        </Link>
        <Link
          href="https://www.redditinc.com/policies/privacy-policy"
        >
          Italiano
        </Link>
      </styled.div>
      <styled.div>
        <Link
          href="https://www.redditinc.com/policies/privacy-policy"
        >
          Deutsch
        </Link>
        <Link
          href="https://www.redditinc.com/policies/user-agreement"
        >
          Español
        </Link>
        <Link
          href="https://www.redditinc.com/policies/privacy-policy"
        >
          Português
        </Link>
      </styled.div>
    </styled.div>
    <styled.div>
      Reddit Inc © 2022. All rights reserved
    </styled.div>
  </styled.div>
</styled.div>
`;
