// Jest Snapshot v1, https://goo.gl/fbAQLP

exports[`Community Index Page Main Header this is a test for Main Header of Index Page 1`] = `
<styled.div>
  <styled.div>
    <styled.h3>
      Community Directory
    </styled.h3>
    <styled.div>
      <styled.a
        className="single"
        href="#"
        onClick={[Function]}
      >
        a
      </styled.a>
      <styled.a
        className="single"
        href="#"
        onClick={[Function]}
      >
        b
      </styled.a>
      <styled.a
        className="single"
        href="#"
        onClick={[Function]}
      >
        c
      </styled.a>
      <styled.a
        className="single"
        href="#"
        onClick={[Function]}
      >
        d
      </styled.a>
      <styled.a
        className="single"
        href="#"
        onClick={[Function]}
      >
        e
      </styled.a>
      <styled.a
        className="single"
        href="#"
        onClick={[Function]}
      >
        f
      </styled.a>
      <styled.a
        className="single"
        href="#"
        onClick={[Function]}
      >
        g
      </styled.a>
      <styled.a
        className="single"
        href="#"
        onClick={[Function]}
      >
        h
      </styled.a>
      <styled.a
        className="single"
        href="#"
        onClick={[Function]}
      >
        i
      </styled.a>
      <styled.a
        className="single"
        href="#"
        onClick={[Function]}
      >
        j
      </styled.a>
      <styled.a
        className="single"
        href="#"
        onClick={[Function]}
      >
        k
      </styled.a>
      <styled.a
        className="single"
        href="#"
        onClick={[Function]}
      >
        l
      </styled.a>
      <styled.a
        className="single"
        href="#"
        onClick={[Function]}
      >
        m
      </styled.a>
      <styled.a
        className="single"
        href="#"
        onClick={[Function]}
      >
        n
      </styled.a>
      <styled.a
        className="single"
        href="#"
        onClick={[Function]}
      >
        o
      </styled.a>
      <styled.a
        className="single"
        href="#"
        onClick={[Function]}
      >
        p
      </styled.a>
      <styled.a
        className="single"
        href="#"
        onClick={[Function]}
      >
        q
      </styled.a>
      <styled.a
        className="single"
        href="#"
        onClick={[Function]}
      >
        r
      </styled.a>
      <styled.a
        className="single"
        href="#"
        onClick={[Function]}
      >
        s
      </styled.a>
      <styled.a
        className="single"
        href="#"
        onClick={[Function]}
      >
        t
      </styled.a>
      <styled.a
        className="single"
        href="#"
        onClick={[Function]}
      >
        u
      </styled.a>
      <styled.a
        className="single"
        href="#"
        onClick={[Function]}
      >
        v
      </styled.a>
      <styled.a
        className="single"
        href="#"
        onClick={[Function]}
      >
        w
      </styled.a>
      <styled.a
        className="single"
        href="#"
        onClick={[Function]}
      >
        x
      </styled.a>
      <styled.a
        className="single"
        href="#"
        onClick={[Function]}
      >
        y
      </styled.a>
      <styled.a
        className="single"
        href="#"
        onClick={[Function]}
      >
        z
      </styled.a>
      <styled.a
        className="single"
        href="#"
        onClick={[Function]}
      >
        #
      </styled.a>
    </styled.div>
  </styled.div>
</styled.div>
`;
