// Jest Snapshot v1, https://goo.gl/fbAQLP

exports[`Community LeaderBoard Page this is a test for the whole Community Leaderboard Page 1`] = `
<styled.div>
  <styled.div>
    <Header />
    <styled.div>
      <Categories />
      <styled.div>
        <CategoryDropDown />
      </styled.div>
      <Container
        com={Array []}
        subscribed={Array []}
      />
      <RightSection />
    </styled.div>
  </styled.div>
</styled.div>
`;
