// Jest Snapshot v1, https://goo.gl/fbAQLP

exports[`widget show rules should render without crashing 1`] = `
<WidgetContainer
  headerText="r/Eln2aa4yn Rules"
>
  <Rule
    description="d1"
    index={1}
    key="t1"
    len={3}
    title="t1"
  />
  <Rule
    description="d2"
    index={2}
    key="t2"
    len={3}
    title="t2"
  />
  <Rule
    description=""
    index={3}
    key="t3"
    len={3}
    title="t3"
  />
</WidgetContainer>
`;
