// Jest Snapshot v1, https://goo.gl/fbAQLP

exports[`PostFooter Component this is a test for PostFooter Component 1`] = `
<styled.div>
  <styled.span
    onClick={[Function]}
  >
    <TfiComment />
     231 Comments
  </styled.span>
  <styled.span
    onClick={[Function]}
  >
    <VscGift />
     Award
  </styled.span>
  <styled.span
    onClick={[Function]}
  >
    <IoMdShareAlt />
     Share
  </styled.span>
  <styled.span
    onClick={[Function]}
  >
    <TbBadge />
     Save
  </styled.span>
  <styled.span
    onClick={[Function]}
  >
    <Styled(Dropdown)
      autoClose="outside"
      className="d-inline mx-2"
    >
      <DropdownToggle
        id="dropdown-autoclose-outside"
      >
        <HiOutlineDotsHorizontal />
      </DropdownToggle>
      <DropdownMenu
        flip={true}
      >
        <DropdownItem
          href="#"
        >
          <span>
            <BiHide />
             Hide
          </span>
        </DropdownItem>
        <DropdownItem
          href="#"
        >
          <span>
            <FiFlag />
             Report
          </span>
        </DropdownItem>
      </DropdownMenu>
    </Styled(Dropdown)>
  </styled.span>
</styled.div>
`;

exports[`VotingBar Component this is a test for PostFooter Component 1`] = `
<styled.div>
  <styled.span
    onClick={[Function]}
  >
    <TfiComment />
     231 Comments
  </styled.span>
  <styled.span
    onClick={[Function]}
  >
    <VscGift />
     Award
  </styled.span>
  <styled.span
    onClick={[Function]}
  >
    <IoMdShareAlt />
     Share
  </styled.span>
  <styled.span
    onClick={[Function]}
  >
    <TbBadge />
     Save
  </styled.span>
  <styled.span
    onClick={[Function]}
  >
    <Styled(Dropdown)
      autoClose="outside"
      className="d-inline mx-2"
    >
      <DropdownToggle
        id="dropdown-autoclose-outside"
      >
        <HiOutlineDotsHorizontal />
      </DropdownToggle>
      <DropdownMenu
        flip={true}
      >
        <DropdownItem
          href="#"
        >
          <span>
            <BiHide />
             Hide
          </span>
        </DropdownItem>
        <DropdownItem
          href="#"
        >
          <span>
            <FiFlag />
             Report
          </span>
        </DropdownItem>
      </DropdownMenu>
    </Styled(Dropdown)>
  </styled.span>
</styled.div>
`;

exports[`VotingBar Component this is a test for PostPublisher Component 1`] = `
<styled.div>
  <styled.span
    onClick={[Function]}
  >
    <TfiComment />
     231 Comments
  </styled.span>
  <styled.span
    onClick={[Function]}
  >
    <VscGift />
     Award
  </styled.span>
  <styled.span
    onClick={[Function]}
  >
    <IoMdShareAlt />
     Share
  </styled.span>
  <styled.span
    onClick={[Function]}
  >
    <TbBadge />
     Save
  </styled.span>
  <styled.span
    onClick={[Function]}
  >
    <Styled(Dropdown)
      autoClose="outside"
      className="d-inline mx-2"
    >
      <DropdownToggle
        id="dropdown-autoclose-outside"
      >
        <HiOutlineDotsHorizontal />
      </DropdownToggle>
      <DropdownMenu
        flip={true}
      >
        <DropdownItem
          href="#"
        >
          <span>
            <BiHide />
             Hide
          </span>
        </DropdownItem>
        <DropdownItem
          href="#"
        >
          <span>
            <FiFlag />
             Report
          </span>
        </DropdownItem>
      </DropdownMenu>
    </Styled(Dropdown)>
  </styled.span>
</styled.div>
`;
