// Jest Snapshot v1, https://goo.gl/fbAQLP

exports[`Popular Posts Component this is a test for Popular Posts Component 1`] = `
<styled.div>
  <HotButton
    ico={<RiRocketLine />}
    name="Best"
  />
  <HotButton
    ico={<HiFire />}
    name="Hot"
  />
  <NewButton />
  <TopButton />
  <DotButton />
</styled.div>
`;
