// Jest Snapshot v1, https://goo.gl/fbAQLP

exports[`MutedUsers Component this is a test for MutedUsers Component 1`] = `
<Fragment>
  <styled.div>
    <styled.input
      onChange={[Function]}
      placeholder="Search for a user"
    />
    <styled.div>
      <BiSearch />
    </styled.div>
  </styled.div>
  <styled.div>
    <ModeratorRow
      Moderator={
        Object {
          "_id": "mohamedRomee",
        }
      }
      communityName="t5_imagepro"
      key="mohamedRomee"
      muted={true}
    />
  </styled.div>
</Fragment>
`;
