// Jest Snapshot v1, https://goo.gl/fbAQLP

exports[`BannedUsers Component this is a test for BannedUsers Component 1`] = `
<Fragment>
  <styled.div>
    <styled.input
      onChange={[Function]}
      placeholder="Search for a user"
    />
    <styled.div>
      <BiSearch />
    </styled.div>
  </styled.div>
  <styled.div>
    <ModeratorRow
      Moderator={
        Object {
          "_id": "mohamedRomee",
        }
      }
      banned={true}
      key="mohamedRomee"
    />
  </styled.div>
</Fragment>
`;
