// Jest Snapshot v1, https://goo.gl/fbAQLP

exports[`Community Leaderboard RightSection this is a test for Right Section 1`] = `
<styled.div>
  <styled.div>
    <styled.div>
      <styled.div>
        <styled.div>
          <styled.h3>
            Browse Communities A-Z
          </styled.h3>
          <styled.div>
            <styled.a
              href="#"
            >
              a
            </styled.a>
            <styled.a
              href="#"
            >
              b
            </styled.a>
            <styled.a
              href="#"
            >
              c
            </styled.a>
            <styled.a
              href="#"
            >
              d
            </styled.a>
            <styled.a
              href="#"
            >
              e
            </styled.a>
            <styled.a
              href="#"
            >
              f
            </styled.a>
            <styled.a
              href="#"
            >
              g
            </styled.a>
            <styled.a
              href="#"
            >
              h
            </styled.a>
            <styled.a
              href="#"
            >
              i
            </styled.a>
            <styled.a
              href="#"
            >
              j
            </styled.a>
            <styled.a
              href="#"
            >
              k
            </styled.a>
            <styled.a
              href="#"
            >
              l
            </styled.a>
            <styled.a
              href="#"
            >
              m
            </styled.a>
            <styled.a
              href="#"
            >
              n
            </styled.a>
            <styled.a
              href="#"
            >
              o
            </styled.a>
            <styled.a
              href="#"
            >
              p
            </styled.a>
            <styled.a
              href="#"
            >
              q
            </styled.a>
            <styled.a
              href="#"
            >
              r
            </styled.a>
            <styled.a
              href="#"
            >
              s
            </styled.a>
            <styled.a
              href="#"
            >
              t
            </styled.a>
            <styled.a
              href="#"
            >
              u
            </styled.a>
            <styled.a
              href="#"
            >
              v
            </styled.a>
            <styled.a
              href="#"
            >
              w
            </styled.a>
            <styled.a
              href="#"
            >
              x
            </styled.a>
            <styled.a
              href="#"
            >
              y
            </styled.a>
            <styled.a
              href="#"
            >
              z
            </styled.a>
            <styled.a
              href="#"
            >
              #
            </styled.a>
          </styled.div>
        </styled.div>
        <styled.div>
          <Styled(styled.a)
            href="#"
          >
            Back to Top
          </Styled(styled.a)>
        </styled.div>
      </styled.div>
    </styled.div>
  </styled.div>
</styled.div>
`;
