// Jest Snapshot v1, https://goo.gl/fbAQLP

exports[`Community Leaderboard RightSection this is a test for Right Section 1`] = `
<styled.div>
  <styled.div>
    <styled.div>
      <TopCommunities />
    </styled.div>
    <styled.div>
      <styled.div>
        <styled.div>
          <TopCommunities />
        </styled.div>
        <styled.div>
          <styled.h3>
            Browse Communities A-Z
          </styled.h3>
          <styled.div>
            <Styled(NavLink)
              to="/index-page/A"
            >
              a
            </Styled(NavLink)>
            <Styled(NavLink)
              to="/index-page/B"
            >
              b
            </Styled(NavLink)>
            <Styled(NavLink)
              to="/index-page/C"
            >
              c
            </Styled(NavLink)>
            <Styled(NavLink)
              to="/index-page/D"
            >
              d
            </Styled(NavLink)>
            <Styled(NavLink)
              to="/index-page/E"
            >
              e
            </Styled(NavLink)>
            <Styled(NavLink)
              to="/index-page/F"
            >
              f
            </Styled(NavLink)>
            <Styled(NavLink)
              to="/index-page/G"
            >
              g
            </Styled(NavLink)>
            <Styled(NavLink)
              to="/index-page/H"
            >
              h
            </Styled(NavLink)>
            <Styled(NavLink)
              to="/index-page/I"
            >
              i
            </Styled(NavLink)>
            <Styled(NavLink)
              to="/index-page/J"
            >
              j
            </Styled(NavLink)>
            <Styled(NavLink)
              to="/index-page/K"
            >
              k
            </Styled(NavLink)>
            <Styled(NavLink)
              to="/index-page/L"
            >
              l
            </Styled(NavLink)>
            <Styled(NavLink)
              to="/index-page/M"
            >
              m
            </Styled(NavLink)>
            <Styled(NavLink)
              to="/index-page/N"
            >
              n
            </Styled(NavLink)>
            <Styled(NavLink)
              to="/index-page/O"
            >
              o
            </Styled(NavLink)>
            <Styled(NavLink)
              to="/index-page/P"
            >
              p
            </Styled(NavLink)>
            <Styled(NavLink)
              to="/index-page/Q"
            >
              q
            </Styled(NavLink)>
            <Styled(NavLink)
              to="/index-page/R"
            >
              r
            </Styled(NavLink)>
            <Styled(NavLink)
              to="/index-page/S"
            >
              s
            </Styled(NavLink)>
            <Styled(NavLink)
              to="/index-page/T"
            >
              t
            </Styled(NavLink)>
            <Styled(NavLink)
              to="/index-page/U"
            >
              u
            </Styled(NavLink)>
            <Styled(NavLink)
              to="/index-page/V"
            >
              v
            </Styled(NavLink)>
            <Styled(NavLink)
              to="/index-page/W"
            >
              w
            </Styled(NavLink)>
            <Styled(NavLink)
              to="/index-page/X"
            >
              x
            </Styled(NavLink)>
            <Styled(NavLink)
              to="/index-page/Y"
            >
              y
            </Styled(NavLink)>
            <Styled(NavLink)
              to="/index-page/Z"
            >
              z
            </Styled(NavLink)>
            <Styled(NavLink)
              to="/index-page/Non Literal"
            >
              #
            </Styled(NavLink)>
          </styled.div>
        </styled.div>
        <styled.div>
          <Styled(styled.a)
            href="#"
            id="backTop-btn"
          >
            Back to Top
          </Styled(styled.a)>
        </styled.div>
      </styled.div>
    </styled.div>
  </styled.div>
</styled.div>
`;
