// Jest Snapshot v1, https://goo.gl/fbAQLP

exports[`ForgetUserName Layout this is a test for ForgetUserName Layout 1`] = `
<styled.div>
  <styled.div>
    <SiReddit
      color="red"
      size={60}
    />
  </styled.div>
  <styled.h2>
    Recover your username
  </styled.h2>
  <styled.div>
    Tell us the email address associated with your Reddit account, and we’ll send you an email with your username.
  </styled.div>
  <br />
  <form
    onSubmit={[Function]}
  >
    <FormInputPageCom
      initialFocus={true}
      label="EMAIL"
      name="email"
      onChange={[Function]}
      onFocus={[Function]}
      required={true}
      showIcon={true}
      type="email"
      valid={false}
      value=""
    />
    <styled.p
      valid={true}
    >
      Please fix your email to continue
    </styled.p>
    <br />
    <styled.div>
      <Button
        disabled={true}
        onClick={[Function]}
        page={true}
        type="submit"
        valid={false}
      >
        EMAIL ME
      </Button>
    </styled.div>
    <styled.div
      validEmail={false}
    >
      <AsyncScriptLoader(ReCAPTCHA)
        onChange={[Function]}
        sitekey="6LeIxAcTAAAAAJcZVRqyHh71UMIEGNQ_MXjiZKhI"
      />
    </styled.div>
    <styled.span>
      Don't have an email or need assistance logging 
      <br />
       in?
      <button
        onClick={[Function]}
      >
        GET HELP
      </button>
       
    </styled.span>
    <br />
    <br />
    <styled.span>
      <span
        onClick={[Function]}
      >
        LOG IN
      </span>
       
      <span
        onClick={[Function]}
      >
         . 
        SIGN UP
      </span>
       
    </styled.span>
  </form>
</styled.div>
`;
