// Jest Snapshot v1, https://goo.gl/fbAQLP

exports[`Community options drop down should render without crashing 1`] = `
<styled.div>
  <styled.div
    onClick={[Function]}
  >
    community options
    <span
      className="icon"
    >
      <RiArrowDownSLine />
    </span>
  </styled.div>
</styled.div>
`;
