// Jest Snapshot v1, https://goo.gl/fbAQLP

exports[`PostPublisher Component this is a test for PostPublisher Component 1`] = `
<styled.div>
  <styled.div>
    <styled.div
      url="https://i.pinimg.com/originals/58/2d/96/582d96a1df2d94bb439af1594639ccfe.jpg"
    />
    <Styled(Link)>
      hello world 
    </Styled(Link)>
    <styled.div>
      . Posted by 
      mohamedromee
       
      <n
        ago={false}
        calendar={false}
        decimal={false}
        element={null}
        filter={[Function]}
        fromNow={true}
        interval={60000}
        local={false}
        onChange={[Function]}
        titleFormat=""
        toNow={false}
        trim={false}
        unit={null}
        unix={false}
        utc={false}
        withTitle={false}
      >
        2022/011/15, 15:05:45
      </n>
    </styled.div>
  </styled.div>
  <styled.div
    data-testid="makeFollow"
    follow={false}
    onClick={[Function]}
  >
    <BsFillBellFill />
  </styled.div>
</styled.div>
`;
