// Jest Snapshot v1, https://goo.gl/fbAQLP

exports[`Community Leaderboard Categories Section this is a test for Categories 1`] = `
<Styled(styled.div)>
  <Styled(styled.div)>
    <styled.h3>
      Categories
    </styled.h3>
  </Styled(styled.div)>
  <div
    className="categories"
  >
    <styled.ol />
    <styled.button>
      See More
    </styled.button>
  </div>
</Styled(styled.div)>
`;
