// Jest Snapshot v1, https://goo.gl/fbAQLP

exports[`Flair modal should render without crashing 1`] = `
<Styled(Modal)
  animation={false}
  aria-labelledby="contained-modal-title-vcenter"
  backdrop={false}
  centered={true}
  onHide={true}
  show={true}
  size="md"
>
  <Memo(l) />
  <Styled(ModalHeader)
    closeButton={true}
  >
    <ModalTitle
      as="h6"
      id="contained-modal-title-vcenter"
    >
      Select your community flair
    </ModalTitle>
  </Styled(ModalHeader)>
  <Styled(ModalBody)>
    <styled.div>
      <styled.p>
        <span>
           Post Title 
        </span>
        <styled.span
          backgroundColor="rgb(70, 209, 96)"
          color="rgb(255, 255, 255)"
        />
      </styled.p>
    </styled.div>
    <styled.div>
      <styled.div>
        <CiSearch
          size={25}
        />
        <styled.input
          onChange={[Function]}
          placeholder="Search for flair"
          type="search"
          value=""
        />
      </styled.div>
      <Spinner />
    </styled.div>
    <styled.div
      empty={true}
      flairSelected={true}
    >
      <span
        className="edit-flair"
      >
        EDIT FLAIR
      </span>
      <styled.p>
        Allows text and up to 10 emojis
      </styled.p>
      <input
        onChange={[Function]}
        type="text"
        value=""
      />
      <p
        className="danger-remaining-text"
      >
        Error: text or emoji is required
      </p>
    </styled.div>
  </Styled(ModalBody)>
  <Styled(ModalFooter)>
    <styled.button
      onClick={[Function]}
    >
      Clear Flair
    </styled.button>
    <styled.button
      disabled={true}
      onClick={[Function]}
    >
      Apply
    </styled.button>
  </Styled(ModalFooter)>
</Styled(Modal)>
`;
