// Jest Snapshot v1, https://goo.gl/fbAQLP

exports[`show members and online members should render without crashing 1`] = `
<styled.div>
  <OverlayTrigger
    defaultShow={false}
    delay="200"
    overlay={
      <Tooltip
        placement="right"
      >
        3 Members
      </Tooltip>
    }
    placement="bottom"
    trigger={
      Array [
        "hover",
        "focus",
      ]
    }
  >
    <styled.div>
      <div>
        3
      </div>
      <p>
        Members
      </p>
    </styled.div>
  </OverlayTrigger>
  <OverlayTrigger
    defaultShow={false}
    delay="200"
    overlay={
      <Tooltip
        placement="right"
      >
        5 Online
      </Tooltip>
    }
    placement="bottom"
    trigger={
      Array [
        "hover",
        "focus",
      ]
    }
  >
    <styled.div>
      <div>
        5
      </div>
      <p>
        Online
      </p>
    </styled.div>
  </OverlayTrigger>
  <div
    style={
      Object {
        "height": "20px",
        "width": "0px",
      }
    }
  />
  <div
    style={
      Object {
        "height": "20px",
        "width": "0px",
      }
    }
  />
</styled.div>
`;
