// Jest Snapshot v1, https://goo.gl/fbAQLP

exports[`Add topic and subtopic component should render without crashing 1`] = `
<styled.div>
  <styled.div>
    <span
      className="new"
    >
      New
    </span>
    Community topics
    <OverlayTrigger
      defaultShow={false}
      delay="200"
      overlay={
        <Styled(Tooltip)>
          Adding community topics allow people to find your community. Add a primary topic and subtopics to be discoverd more easily
        </Styled(Tooltip)>
      }
      placement="top"
      trigger={
        Array [
          "hover",
          "focus",
        ]
      }
    >
      <span
        className="topic-icon"
      >
        <AiOutlineInfoCircle />
      </span>
    </OverlayTrigger>
  </styled.div>
  <styled.div
    onBlur={[Function]}
  >
    <styled.button
      onClick={[Function]}
    >
      <span>
        Add a Primary Topic
      </span>
      <span
        className="icon"
      >
        <RiArrowDownSLine />
      </span>
    </styled.button>
  </styled.div>
  <SaveChangesModal
    onDiscard={[Function]}
    onHide={[Function]}
    onSave={[Function]}
    show={false}
    showX={false}
  />
</styled.div>
`;
