// Jest Snapshot v1, https://goo.gl/fbAQLP

exports[`Posts Page this is a test for Posts Page 1`] = `
<Fragment>
  <styled.div>
    <div
      className="subnav"
    >
      <div
        className="sort"
      >
        <Styled(DropdownButton)
          id="dropdown-basic-button"
          title="Sort"
          variant="transparent"
        >
          <DropdownItem
            href="#"
            onClick={[Function]}
          >
            Relevance
          </DropdownItem>
          <DropdownItem
            onClick={[Function]}
          >
            Hot
          </DropdownItem>
          <DropdownItem
            href="#"
            onClick={[Function]}
          >
            Top
          </DropdownItem>
          <DropdownItem
            href="#"
            onClick={[Function]}
          >
            New
          </DropdownItem>
          <DropdownItem
            href="#"
            onClick={[Function]}
          >
            Most comments
          </DropdownItem>
        </Styled(DropdownButton)>
      </div>
      <div
        className="time"
      >
        <Styled(DropdownButton)
          id="dropdown-basic-button"
          title="time"
          variant="transparent"
        >
          <DropdownItem
            href="#/action-1"
          >
            All time
          </DropdownItem>
          <DropdownItem
            href="#/action-2"
          >
            Past Year
          </DropdownItem>
          <DropdownItem
            href="#/action-3"
          >
            Past Mounth
          </DropdownItem>
          <DropdownItem
            href="#/action-3"
          >
            Past week
          </DropdownItem>
          <DropdownItem
            href="#/action-3"
          >
            Most 24 Hours
          </DropdownItem>
          <DropdownItem
            href="#/action-3"
          >
            Most Hour
          </DropdownItem>
        </Styled(DropdownButton)>
      </div>
    </div>
    <div
      className="x"
    >
      <PostsList
        type="Relevance"
      />
      <div
        className="side-cards"
      >
        <TopCommunities />
        <People />
        <CreateCommunity />
      </div>
    </div>
  </styled.div>
</Fragment>
`;
