// Jest Snapshot v1, https://goo.gl/fbAQLP

exports[`Interests Component this is a test for Interests Component 1`] = `
<Fragment>
  <styled.div>
    <Memo(l) />
    <styled.div>
      <styled.span
        onClick={[Function]}
      >
        <IoMdArrowBack
          size={24}
        />
      </styled.span>
      <styled.div>
        <span>
          <SiReddit
            color="red"
            size={60}
          />
        </span>
      </styled.div>
    </styled.div>
    <styled.h2>
      Interests
    </styled.h2>
    <styled.div>
      Pick 3 or more things you'd like to see in your home feed.
    </styled.div>
    <styled.div>
      <InterestButton
        onClick={[Function]}
      >
        <FaRegLaughBeam
          color="orange"
        />
        Funny
      </InterestButton>
      <InterestButton
        onClick={[Function]}
      >
        <FaRegLaughSquint
          color="orange"
        />
        Jokes
      </InterestButton>
      <InterestButton
        onClick={[Function]}
      >
        <FaGamepad
          color="red"
        />
        Interesting
      </InterestButton>
      <InterestButton
        onClick={[Function]}
      >
        <GiCardJoker
          color="purple"
        />
        Memes
      </InterestButton>
      <InterestButton
        onClick={[Function]}
      >
        <SiHackaday
          color="red"
        />
        Life hacks
      </InterestButton>
      <InterestButton
        onClick={[Function]}
      >
        <GiFruitTree
          color="green"
        />
         Nature
      </InterestButton>
      <InterestButton
        onClick={[Function]}
      >
        <BiHistory
          color="blue"
        />
        History
      </InterestButton>
      <InterestButton
        onClick={[Function]}
      >
        <CiMobile3
          color="#055160"
        />
         Tech
      </InterestButton>
      <InterestButton
        onClick={[Function]}
      >
        <MdScience
          color="orange"
        />
        Science
      </InterestButton>
      <InterestButton
        onClick={[Function]}
      >
        <HiNewspaper
          color="gray"
        />
         News
      </InterestButton>
      <InterestButton
        onClick={[Function]}
      >
        <BsFilePersonFill
          color="blue"
        />
         Career
      </InterestButton>
      <InterestButton
        onClick={[Function]}
      >
        <BsBookHalf
          color="brown"
        />
        Books
      </InterestButton>
      <InterestButton
        onClick={[Function]}
      >
        <MdComputer
          color="red"
        />
        Programming
      </InterestButton>
      <InterestButton
        onClick={[Function]}
      >
        <BsStrava
          color="green"
        />
        Travel
      </InterestButton>
      <InterestButton
        onClick={[Function]}
      >
        <GiTropicalFish
          color="blue"
        />
        Fishing
      </InterestButton>
      <InterestButton
        onClick={[Function]}
      >
        <FaFootballBall
          color="brown"
        />
         Sports
      </InterestButton>
      <InterestButton
        onClick={[Function]}
      >
        <IoMdFitness
          color="black"
        />
         Fitness
      </InterestButton>
      <InterestButton
        onClick={[Function]}
      >
        <AiFillCar
          color="red"
        />
        Cars
      </InterestButton>
    </styled.div>
    <Button
      disabled={false}
      valid={false}
    >
      Continue
    </Button>
  </styled.div>
</Fragment>
`;
