// Jest Snapshot v1, https://goo.gl/fbAQLP

exports[`Join and Leave button should render without crashing 1`] = `
<styled.div>
  <div
    className="width"
  >
    <button
      onClick={[Function]}
      onMouseOut={[Function]}
      onMouseOver={[Function]}
    >
      join
    </button>
  </div>
</styled.div>
`;
