// Jest Snapshot v1, https://goo.gl/fbAQLP

exports[`People Item this is a test for People Item 1`] = `
<styled.a
  href="#"
>
  <styled.div>
    <styled.img
      alt="People Icon"
      src="People_Image.jpg"
    />
    <styled.div>
      <styled.div>
        <styled.h6
          className="user-name"
        >
          u/Abdo
        </styled.h6>
        <styled.p>
          <span>
            •
          </span>
          10
          k Karma
        </styled.p>
      </styled.div>
      <styled.p>
        A subreddit dedicated to German photos and portraits from the period of 1933-1946 (dates are flexible)
      </styled.p>
    </styled.div>
    <styled.div>
      <styled.button
        className="follow"
        onClick={[Function]}
        onMouseEnter={[Function]}
        onMouseLeave={[Function]}
      >
        Follow
      </styled.button>
    </styled.div>
  </styled.div>
</styled.a>
`;
