// Jest Snapshot v1, https://goo.gl/fbAQLP

exports[`Post Component this is a test for Post Component 1`] = `
<styled.div
  pimage="https://b.thumbs.redditmedia.com/uZL7ZnkEs4PmMcP_kJ5fSqGRBMKJ1hvjIpYaiT1OhHM.jpg"
>
  <div
    className="post-outline"
  >
    <PostHeader
      postheader={
        Object {
          "communityName": "WallStreetRiches",
          "flair": Object {
            "flairBackgroundColor": "red",
            "flairColor": "green",
            "flairText": "Hero",
          },
          "headerImage": "People_Image.jpg",
          "time": "5 days ago",
          "userName": "t2_North-Situation4034",
        }
      }
    />
    <div
      className="post-body"
    >
      <div
        className="post-body-content"
      >
        <Link
          to="#"
        >
          <div>
            <p>
               John Oliver Refers to NFL’s ‘Monday Night Football’ as“Primetime Programming Where People Kill Themselves forEntertainment” 
            </p>
          </div>
        </Link>
        <span
          className="flair"
        >
          Hero
        </span>
      </div>
      <div
        className="post-image"
      >
        <div
          className="img"
        >
          <Link
            to="#"
          >
            <div
              className="image"
            />
          </Link>
        </div>
      </div>
    </div>
    <PostFooter
      postfooter={
        Object {
          "Comments": 54,
          "upVotes": 2.1,
        }
      }
    />
  </div>
</styled.div>
`;
