// Jest Snapshot v1, https://goo.gl/fbAQLP

exports[`Create post page should render without crashing 1`] = `
<SubmitDestinationProvider>
  <CreatePostTitleProvider>
    <CreatePostFlagsProvider>
      <CreatePostAttachmentsProvider>
        <CreatePostFlairsProvider>
          <CreatePostTextProvider>
            <styled.div>
              <Main />
              <Sidebar />
            </styled.div>
          </CreatePostTextProvider>
        </CreatePostFlairsProvider>
      </CreatePostAttachmentsProvider>
    </CreatePostFlagsProvider>
  </CreatePostTitleProvider>
</SubmitDestinationProvider>
`;
