// Jest Snapshot v1, https://goo.gl/fbAQLP

exports[`modal to check unsaved changes should render without crashing 1`] = `
<Styled(Modal)
  aria-labelledby="contained-modal-title-vcenter"
  centered={true}
  show={true}
  size="lg"
>
  <ModalHeader
    closeButton={false}
    closeLabel="Close"
  >
    <styled.div>
      Save changes before leaving?
    </styled.div>
    <styled.button
      onClick={[Function]}
    >
      <MdOutlineClear />
    </styled.button>
  </ModalHeader>
  <ModalBody>
    <p>
      You have made some changes to your community, do you wish to leave this menu without saving?
    </p>
  </ModalBody>
  <ModalFooter>
    <Button
      active={false}
      className="discard"
      disabled={false}
      onClick={[Function]}
      variant="primary"
    >
      Discard
    </Button>
    <Button
      active={false}
      className="save"
      disabled={false}
      onClick={[Function]}
      variant="primary"
    >
      Save
    </Button>
  </ModalFooter>
</Styled(Modal)>
`;
