// Jest Snapshot v1, https://goo.gl/fbAQLP

exports[`Notification button Component this is a test for Notification button Component 1`] = `
<styled.div>
  <OverlayTrigger
    defaultShow={false}
    key="bottom"
    overlay={
      <Tooltip
        id="tooltip-bottom"
        placement="right"
      >
        Notification
      </Tooltip>
    }
    placement="bottom"
    trigger={
      Array [
        "hover",
        "focus",
      ]
    }
  >
    <styled.button
      id="notification-box"
      onClick={[Function]}
    >
      <IoMdNotificationsOutline />
    </styled.button>
  </OverlayTrigger>
  <Overlay
    container={
      Object {
        "current": null,
      }
    }
    key="0.17252583490814444"
    placement="bottom"
    rootClose={false}
    show={false}
    target={null}
    transition={
      Object {
        "$$typeof": Symbol(react.forward_ref),
        "defaultProps": Object {
          "appear": false,
          "in": false,
          "mountOnEnter": false,
          "timeout": 300,
          "unmountOnExit": false,
        },
        "render": [Function],
      }
    }
  >
    <ForwardRef
      id="popover-contained"
      placement="right"
    >
      <PopoverHeader>
        <span
          className="word"
        >
          Notifications
        </span>
        <span
          className="right-side"
        >
          <span
            className="message"
          >
            <Link
              href="https://www.reddit.com/message/messages"
            >
              Messages 
            </Link>
          </span>
          <button
            className="but"
          >
            <i>
              <BsClipboardCheck />
            </i>
          </button>
          <Link
            className="setting"
            href="https://www.reddit.com/settings/notifications"
          >
            <i>
              <FiSettings />
            </i>
          </Link>
        </span>
      </PopoverHeader>
      <PopoverBody>
        <div
          className="pop"
        />
        <div
          className="content"
        >
          <i
            className="content-i"
            key="0.8772927217223325"
          >
            <Link
              className="content-a"
              href="https://www.reddit.com/r/Eln2aa4yn/comments/yi1rd4/ccccc/"
            >
              <span
                className="a-span"
              >
                <img
                  alt="community-name"
                  src="link.png"
                />
              </span>
              <span
                className="span-info"
              >
                <span
                  className="child"
                >
                  <span
                    className="sub-child"
                  >
                    <span
                      className="info"
                      key="1"
                    >
                      Now in 
                      Hakka
                    </span>
                    <span
                      className="dot"
                    >
                      .
                    </span>
                    <span
                      className="time"
                    >
                      2
                      h
                    </span>
                  </span>
                  <button
                    className="dot"
                  >
                    <i>
                      <BsThreeDots />
                    </i>
                  </button>
                </span>
                <span
                  className="info-child"
                >
                  here we go again
                </span>
              </span>
            </Link>
          </i>
          <i
            className="content-i"
            key="0.9546543026208658"
          >
            <Link
              className="content-a"
              href="https://www.reddit.com/r/Eln2aa4yn/comments/yi1rd4/ccccc/"
            >
              <span
                className="a-span"
              >
                <img
                  alt="community-name"
                  src="link.png"
                />
              </span>
              <span
                className="span-info"
              >
                <span
                  className="child"
                >
                  <span
                    className="sub-child"
                  >
                    <span
                      className="info"
                      key="2"
                    >
                      Now in 
                      Ahly
                    </span>
                    <span
                      className="dot"
                    >
                      .
                    </span>
                    <span
                      className="time"
                    >
                      3
                      h
                    </span>
                  </span>
                  <button
                    className="dot"
                  >
                    <i>
                      <BsThreeDots />
                    </i>
                  </button>
                </span>
                <span
                  className="info-child"
                >
                  faculty has joined today
                </span>
              </span>
            </Link>
          </i>
          <i
            className="content-i"
            key="0.22129621185862947"
          >
            <Link
              className="content-a"
              href="https://www.reddit.com/r/Eln2aa4yn/comments/yi1rd4/ccccc/"
            >
              <span
                className="a-span"
              >
                <img
                  alt="community-name"
                  src="link.png"
                />
              </span>
              <span
                className="span-info"
              >
                <span
                  className="child"
                >
                  <span
                    className="sub-child"
                  >
                    <span
                      className="info"
                      key="3"
                    >
                      Now in 
                      React App
                    </span>
                    <span
                      className="dot"
                    >
                      .
                    </span>
                    <span
                      className="time"
                    >
                      1
                      h
                    </span>
                  </span>
                  <button
                    className="dot"
                  >
                    <i>
                      <BsThreeDots />
                    </i>
                  </button>
                </span>
                <span
                  className="info-child"
                >
                  mangaa is now available
                </span>
              </span>
            </Link>
          </i>
          <i
            className="content-i"
            key="0.621778765661289"
          >
            <Link
              className="content-a"
              href="https://www.reddit.com/r/Eln2aa4yn/comments/yi1rd4/ccccc/"
            >
              <span
                className="a-span"
              >
                <img
                  alt="community-name"
                  src="link.png"
                />
              </span>
              <span
                className="span-info"
              >
                <span
                  className="child"
                >
                  <span
                    className="sub-child"
                  >
                    <span
                      className="info"
                      key="4"
                    >
                      Now in 
                      facebook
                    </span>
                    <span
                      className="dot"
                    >
                      .
                    </span>
                    <span
                      className="time"
                    >
                      9
                      h
                    </span>
                  </span>
                  <button
                    className="dot"
                  >
                    <i>
                      <BsThreeDots />
                    </i>
                  </button>
                </span>
                <span
                  className="info-child"
                >
                  here we go again
                </span>
              </span>
            </Link>
          </i>
          <i
            className="content-i"
            key="0.16535539080872752"
          >
            <Link
              className="content-a"
              href="https://www.reddit.com/r/Eln2aa4yn/comments/yi1rd4/ccccc/"
            >
              <span
                className="a-span"
              >
                <img
                  alt="community-name"
                  src="link.png"
                />
              </span>
              <span
                className="span-info"
              >
                <span
                  className="child"
                >
                  <span
                    className="sub-child"
                  >
                    <span
                      className="info"
                      key="5"
                    >
                      Now in 
                      twitter
                    </span>
                    <span
                      className="dot"
                    >
                      .
                    </span>
                    <span
                      className="time"
                    >
                      7
                      h
                    </span>
                  </span>
                  <button
                    className="dot"
                  >
                    <i>
                      <BsThreeDots />
                    </i>
                  </button>
                </span>
                <span
                  className="info-child"
                >
                  here we go again again
                </span>
              </span>
            </Link>
          </i>
        </div>
      </PopoverBody>
      <footer>
        <Link
          href="https://www.reddit.com/notifications"
        >
          See All
        </Link>
      </footer>
    </ForwardRef>
  </Overlay>
</styled.div>
`;
