// Jest Snapshot v1, https://goo.gl/fbAQLP

exports[`Drop Down list Component this is a test for Drop Down list Component 1`] = `
<Styled(Dropdown)>
  <DropdownToggle
    as={
      Object {
        "$$typeof": Symbol(react.forward_ref),
        "render": [Function],
      }
    }
    id="dropdown-home"
    onClick={[Function]}
  >
    <div
      className="all-drop"
    >
      <div
        className="home-ico"
      >
        <span>
          <AiFillHome />
        </span>
        <span>
          <h6>
            Home
          </h6>
        </span>
      </div>
      <SideBar
        setShowSideBar={[Function]}
        showButton={false}
        showSideBar={false}
      />
    </div>
    <span
      className="down-form"
    >
      <GrFormDown />
    </span>
  </DropdownToggle>
</Styled(Dropdown)>
`;
