// Jest Snapshot v1, https://goo.gl/fbAQLP

exports[`Drop Down list Component this is a test for Drop Down list Component 1`] = `
<Styled(Dropdown)>
  <DropdownToggle
    as={
      Object {
        "$$typeof": Symbol(react.forward_ref),
        "render": [Function],
      }
    }
    id="dropdown-home"
    onClick={[Function]}
  >
    <styled.div>
      <styled.div>
        <span>
          <AiFillHome />
        </span>
        <span>
          <styled.h6>
            Home
          </styled.h6>
        </span>
      </styled.div>
    </styled.div>
    <div>
      <SideBar
        setShowSideBar={[Function]}
        showButton={false}
        showSideBar={false}
      />
      <styled.span>
        <GrFormDown />
      </styled.span>
    </div>
  </DropdownToggle>
  <DropDownMenu
    dropdownMenuRef={
      Object {
        "current": null,
      }
    }
    show={false}
  />
</Styled(Dropdown)>
`;
