// Jest Snapshot v1, https://goo.gl/fbAQLP

exports[`Tabs should render without crashing 1`] = `
<styled.div>
  <TabContainer
    defaultActiveKey="Post"
  >
    <Row
      className="w-100 m-0"
    >
      <Styled(Col)
        sm={12}
      >
        <Styled(Nav)
          className="flex-row flex-nowrap justify-content-center text-center"
          variant="tabs"
        >
          <Styled(NavItem)
            className="flex-fill"
            onClick={[Function]}
          >
            <Styled(NavLink)
              eventKey="Post"
              selected={false}
            >
              <ImFileText
                size={25}
              />
               
              <span>
                 Post 
              </span>
            </Styled(NavLink)>
          </Styled(NavItem)>
          <Styled(NavItem)
            className="flex-fill"
            onClick={[Function]}
          >
            <Styled(NavLink)
              eventKey="Images & Video"
              selected={false}
            >
              <CgImage
                size={30}
              />
               
              <span>
                 Images & Video 
              </span>
            </Styled(NavLink)>
          </Styled(NavItem)>
          <Styled(NavItem)
            className="flex-fill"
            onClick={[Function]}
          >
            <Styled(NavLink)
              eventKey="Link"
              selected={false}
            >
              <BsLink45Deg
                size={30}
              />
              <span>
                 Link 
              </span>
            </Styled(NavLink)>
          </Styled(NavItem)>
        </Styled(Nav)>
      </Styled(Col)>
      <Styled(Col)
        sm={12}
      >
        <TabContent>
          <TabPane
            eventKey="Post"
          >
            <DraftEditorTab />
          </TabPane>
          <TabPane
            eventKey="Images & Video"
          >
            <ImagesAndVideosTab />
          </TabPane>
          <TabPane
            eventKey="Link"
          >
            <LinkTab />
          </TabPane>
        </TabContent>
      </Styled(Col)>
    </Row>
  </TabContainer>
</styled.div>
`;
