// Jest Snapshot v1, https://goo.gl/fbAQLP

exports[`Responsive Navbar this is a test for Responsive Navbar 1`] = `
<Styled(DropdownButton)
  id="dropdown-basic-button"
  size="md"
  title=""
  variant="transparent"
>
  <DropdownItem
    as={
      Object {
        "$$typeof": Symbol(react.forward_ref),
        "render": [Function],
      }
    }
    onClick={[Function]}
    to="/search/posts"
  >
    Posts
  </DropdownItem>
  <DropdownItem
    as={
      Object {
        "$$typeof": Symbol(react.forward_ref),
        "render": [Function],
      }
    }
    onClick={[Function]}
    to="/search/comments"
  >
    Comments
  </DropdownItem>
  <DropdownItem
    as={
      Object {
        "$$typeof": Symbol(react.forward_ref),
        "render": [Function],
      }
    }
    onClick={[Function]}
    to="/search/communities"
  >
    Communities
  </DropdownItem>
  <DropdownItem
    as={
      Object {
        "$$typeof": Symbol(react.forward_ref),
        "render": [Function],
      }
    }
    onClick={[Function]}
    to="/search/people"
  >
    People
  </DropdownItem>
</Styled(DropdownButton)>
`;
