// Jest Snapshot v1, https://goo.gl/fbAQLP

exports[`Comment this is a test for Comment 1`] = `
<styled.div>
  <styled.div>
    <PostHeader
      postheader={
        Object {
          "communityName": "WallStreetRiches",
          "flair": Object {
            "flairBackgroundColor": "red",
            "flairColor": "green",
            "flairText": "go",
          },
          "headerImage": "People_Image.jpg",
          "time": "5 days ago",
          "userName": "t2_North-Situation4034",
        }
      }
    />
    <CommentBody
      commentBody={
        Object {
          "bodyContent": "you ever had to train or work with someone who just has no desire to know anything beyond what you’re telling them or the why behind what they’re doing? Every instruction needs to be laid out in painstaking detail? If an issue arises, there’s no desire to understand why or attempt to fix it, they just error out and stand there waiting for instruction? It’s like programming a computer, but the computer is a human potato.",
          "commentUserImage": "download.jpg",
          "postContent": "[WP] They tell you the warmachines aren't sentient, being kind to them does nothing. But at the same time, it seems funny to you that their targets often seems the be the ones currently shooting at you.",
          "time": "9 days ago",
          "userName": "abdelrahman_ashraf",
        }
      }
    />
    <PostFooter
      postfooter={
        Object {
          "Comments": 2000,
          "upVotes": 21,
        }
      }
    />
  </styled.div>
</styled.div>
`;
