// Jest Snapshot v1, https://goo.gl/fbAQLP

exports[`Sidebar section should render without crashing 1`] = `
<styled.div>
  <styled.div>
    <CommunityCard />
  </styled.div>
  <RulesWidget />
  <PostGuidelines />
  <styled.div>
    Please be mindful of reddit's 
    <Link
      to="/"
    >
      content policy
    </Link>
     and practice good 
    <Link
      to="/"
    >
       reddiquette
    </Link>
    .
  </styled.div>
</styled.div>
`;
