// Jest Snapshot v1, https://goo.gl/fbAQLP

exports[`PasswordStrength Component this is a test for PasswordStrength Component 1`] = `
<styled.div>
  <styled.div
    number={5}
    top={true}
  />
  <styled.div
    number={4}
  />
  <styled.div
    number={3}
  />
  <styled.div
    number={2}
  />
  <styled.div
    bottom={true}
    number={1}
  />
</styled.div>
`;
