// Jest Snapshot v1, https://goo.gl/fbAQLP

exports[`the card of community should render without crashing 1`] = `
<styled.div>
  <AboutCommunity />
  <styled.div>
    <CommunityDate />
    <styled.hr />
    <OnlineMembers />
    <CommunityTopics />
    <styled.hr />
    <UserFlairPreview />
    <CommunityOptions />
  </styled.div>
</styled.div>
`;
