// Jest Snapshot v1, https://goo.gl/fbAQLP

exports[`ForgetPassword Layout this is a test for ForgetPassword Layout 1`] = `
<Fragment>
  <styled.div>
    <styled.div>
      <SiReddit
        color="red"
        size={60}
      />
    </styled.div>
    <styled.h2>
      Reset your password
    </styled.h2>
    <styled.div>
      Tell us the username and email address associated with your Reddit account, and we’ll send you an email with a link to reset your password.
    </styled.div>
    <br />
    <form
      onSubmit={[Function]}
    >
      <FormInputPageCom
        initialFocus={true}
        label="USERNAME"
        name="userName"
        onChange={[Function]}
        onFocus={[Function]}
        showIcon={true}
        type="text"
        valid={false}
        value=""
      />
      <styled.p
        valid={true}
      >
        Username must be between 3 and 20 characters
      </styled.p>
      <FormInputPageCom
        initialFocus={true}
        label="EMAIL"
        name="email"
        onChange={[Function]}
        onFocus={[Function]}
        showIcon={true}
        type="email"
        valid={false}
        value=""
      />
      <styled.p
        valid={true}
      >
        not a valid email
      </styled.p>
      <styled.div>
        <Button
          disabled={true}
          onClick={[Function]}
          page={true}
          type="submit"
          valid={false}
        >
          RESET PASSWORD
        </Button>
      </styled.div>
      <br />
      <styled.span>
        <span
          onClick={[Function]}
        >
          FORGOT USERNAME?
        </span>
         
      </styled.span>
      <br />
      <br />
      <styled.span>
        Don't have an email or need assistance logging 
        <br />
         in?
        <button
          onClick={[Function]}
        >
          GET HELP
        </button>
         
      </styled.span>
      <br />
      <br />
      <styled.span>
        <span
          onClick={[Function]}
        >
          LOG IN
        </span>
         
        <span
          onClick={[Function]}
        >
           . 
          SIGN UP
        </span>
         
      </styled.span>
    </form>
  </styled.div>
</Fragment>
`;
