// Jest Snapshot v1, https://goo.gl/fbAQLP

exports[`ForgetPassword Component this is a test for PasswordStrength Component 1`] = `ShallowWrapper {}`;

exports[`ForgetPassword Layout this is a test for ForgetPassword Layout 1`] = `ShallowWrapper {}`;

exports[`ForgetPassword Layput this is a test for PasswordStrength Component 1`] = `ShallowWrapper {}`;

exports[`PasswordStrength Component this is a test for PasswordStrength Component 1`] = `ShallowWrapper {}`;
