// Jest Snapshot v1, https://goo.gl/fbAQLP

exports[`Community Indexing Page Container this is a test for Index Container 1`] = `
<styled.div>
  <styled.div>
    <styled.div>
      <styled.h1>
         Browse communities starting with 'A'
      </styled.h1>
    </styled.div>
    <styled.div>
      <styled.div>
        <styled.a>
          A24
        </styled.a>
      </styled.div>
      <styled.div>
        <styled.a>
          ALangeSohne
        </styled.a>
      </styled.div>
      <styled.div>
        <styled.a>
          AISJeddah
        </styled.a>
      </styled.div>
      <styled.div>
        <styled.a>
          AutoGlassStLouis
        </styled.a>
      </styled.div>
    </styled.div>
  </styled.div>
</styled.div>
`;
