// Jest Snapshot v1, https://goo.gl/fbAQLP

exports[`moderator widget show all moderators should render without crashing 1`] = `
<WidgetContainer
  headerText="Moderators"
>
  <MessageMod />
  <Moderator
    key="0"
    moderator={
      Object {
        "flair": Object {
          "backgroundColor": "#000",
          "color": "white",
          "text": "hi",
        },
        "userName": "khaled",
      }
    }
  />
  <Moderator
    key="1"
    moderator={
      Object {
        "flair": Object {
          "backgroundColor": "rgb(0, 166, 165)",
          "color": "white",
          "text": "gamed",
        },
        "userName": "hamza",
      }
    }
  />
  <Moderator
    key="2"
    moderator={
      Object {
        "flair": Object {},
        "userName": "hassan",
      }
    }
  />
  <ViewAllModerators />
</WidgetContainer>
`;
